// Jest Snapshot v1, https://goo.gl/fbAQLP

exports[`Login Flow create snapshot 1`] = `
<View>
  <TextInput
    allowFontScaling={true}
    onChangeText={[Function]}
    placeholder="Username"
    testID="login-email"
    underlineColorAndroid="transparent"
  />
  <TextInput
    allowFontScaling={true}
    onChangeText={[Function]}
    placeholder="Password"
    testID="login-password"
    underlineColorAndroid="transparent"
  />
  <TouchableOpacity
    activeOpacity={0.2}
    onPress={[Function]}
    testID="submit"
  >
    <Text>
      Sumbit
    </Text>
  </TouchableOpacity>
</View>
`;
